ExpansionTraderAIBoris.Attachments|5943.55 301.966 8173.07|0.000000 0.000000 0.000000|GorkaHelmetComplete,GorkaEJacket_Flat,GorkaPants_Flat,HikingBoots_Black
ExpansionTraderAICyril.Exchange|5912.74 300.861 8152.62|0.000000 0.000000 0.000000|GorkaHelmetComplete,GorkaEJacket_Flat,GorkaPants_Flat,HikingBoots_Black
ExpansionTraderAIFrancis.BuildingSupplies|5883.1 297.1 8129.52|0.000000 0.000000 0.000000|GorkaHelmetComplete,GorkaEJacket_Flat,GorkaPants_Flat,HikingBoots_Black
ExpansionTraderAIGuo.Clothing|5883.32 299.477 8173.44|0.000000 0.000000 0.000000|GorkaHelmetComplete,GorkaEJacket_Flat,GorkaPants_Flat,HikingBoots_Black
ExpansionTraderAIHassan.Clothing_Accessories|5878.59 299.272 8172.66|0.000000 0.000000 0.000000|GorkaHelmetComplete,GorkaEJacket_Flat,GorkaPants_Flat,HikingBoots_Black
ExpansionTraderAIIndar.Components|5875.88 296.919 8127.69|0.000000 0.000000 0.000000|GorkaHelmetComplete,GorkaEJacket_Flat,GorkaPants_Flat,HikingBoots_Black
ExpansionTraderAIJose.Consumables|5909.63 301.701 8188.65|0.000000 0.000000 0.000000|GorkaHelmetComplete,GorkaEJacket_Flat,GorkaPants_Flat,HikingBoots_Black
ExpansionTraderAILewis.Fishing|5889.98 297.835 8135.71|0.000000 0.000000 0.000000|GorkaHelmetComplete,GorkaEJacket_Flat,GorkaPants_Flat,HikingBoots_Black
ExpansionTraderAIManua.New_Medicals|5926.91 300.726 8160.81|-79.999985 0.000000 0.000000|GorkaHelmetComplete,GorkaEJacket_Flat,GorkaPants_Flat,HikingBoots_Black
ExpansionTraderAINiki.Special|5920.95 301.374 8183.68|-79.999985 0.000000 0.000000|GorkaHelmetComplete,GorkaEJacket_Flat,GorkaPants_Flat,HikingBoots_Black
ExpansionTraderAIRolf.New_Weapons_Ammo|5946.71 302.15 8174.63|-79.999985 0.000000 0.000000|GorkaHelmetComplete,GorkaEJacket_Flat,GorkaPants_Flat,HikingBoots_Black
ExpansionTraderAIPeter.New_Vehicle_And_Parts|5867.87 295.342 8116.35|0.000000 0.000000 0.000000|GorkaHelmetComplete,GorkaEJacket_Flat,GorkaPants_Flat,HikingBoots_Black