ExpansionTraderAIBoris.New_Unlegal|4360.37 190.028 222.847|0.000000 0.000000 0.000000|TacticalGloves_Green,BallisticHelmet_Green,BalaclavaMask_Black,TF_G3CombatShirt_RG,TF_G3CombatPants_RG,TF_6B43Vest_6sh112_EMR,AssaultBag_Ttsko,MilitaryBoots_Beige,Deagle
ExpansionTraderAICyril.Exchange|4.2217 232.149 4642.74|0.000000 0.000000 0.000000|GorkaHelmetComplete,GorkaEJacket_Flat,GorkaPants_Flat,HikingBoots_Black
ExpansionTraderAIFrancis.New_Builder|1078.17 225.429 535.276|0.000000 0.000000 0.000000|ConstructionHelmet_Yellow,JumpsuitJacket_Blue,ReflexVest,JumpsuitPants_Blue,WorkingBoots_Yellow,WorkingGloves_Yellow,SledgeHammer,WoodAxe
ExpansionTraderAIIndar.New_Components|1084.26 225.301 555.402|0.000000 0.000000 0.000000|ConstructionHelmet_Red,JumpsuitJacket_Blue,ReflexVest,JumpsuitPants_Blue,WorkingBoots_Yellow,WorkingGloves_Yellow,Hammer
ExpansionTraderAIGuo.New_Clothing|1112.5 226.084 511.757|0.000000 0.000000 0.000000|GorkaHelmetComplete,GorkaEJacket_Flat,GorkaPants_Flat,HikingBoots_Black
ExpansionTraderAIHassan.New_Clothing_Accessories|1108.99 226.108 509.275|0.000000 0.000000 0.000000|GorkaHelmetComplete,GorkaEJacket_Flat,GorkaPants_Flat,HikingBoots_Black
ExpansionTraderAIJose.New_Consumables|1083.88 227.859 469.305|0.000000 0.000000 0.000000|FlatCap_Grey,ManSuit_White,GorkaPants_Flat,Jeans_Grey,WoolGlovesFingerless_White,DressShoes_White,FryingPan
ExpansionTraderAILewis.New_Fishing_Farm|1084.71 227.668 472.341|0.000000 0.000000 0.000000|BoonieHat_Olive,HuntingJacket_Summer,HunterPants_Spring,Wellies_Black,FishingRod,Pitchfork
ExpansionTraderAIEva.New_Medicals|1069.43 226.304 528.642|-79.999985 0.000000 0.000000|MedicalScrubsHat_Blue,ParamedicJacket_Blue,ParamedicPants_Blue,JoggingShoes_Blue,CanvasBag_Medical
ExpansionTraderAINiki.New_Special|1079.61 225.716 515.429|-79.999985 0.000000 0.000000|TacticalGloves_Green,BallisticHelmet_Green,BalaclavaMask_Black,TF_G3CombatShirt_RG,TF_G3CombatPants_RG,TF_6B43Vest_6sh112_EMR,AssaultBag_Ttsko,MilitaryBoots_Beige
ExpansionTraderAIRolf.New_Weapons_Ammo|1115.37 225.323 533.98|-79.999985 0.000000 0.000000|TacticalGloves_Green,BallisticHelmet_Green,BalaclavaMask_Black,TF_G3CombatShirt_RG,TF_G3CombatPants_RG,TF_6B43Vest_6sh112_EMR,AssaultBag_Ttsko,MilitaryBoots_Beige,TF_PKP
ExpansionTraderAIPeter.New_Vehicle_And_Parts|1145.58 226.09 541.232|0.000000 0.000000 0.000000|ThickFramesGlasses,ManSuit_Black,SlacksPants_Black,DressShoes_Black,HipPack_Black
ExpansionTraderAIFrida.New_Event|1048.69 235.897 394.425|0.000000 0.000000 0.000000|TF_Foil_Hat,RidersJacket_Black,SlacksPants_Black,HikingBoots_Black
ExpansionTraderAIMirek.New_Collector|3107.87 303.906 12944.2|0.000000 0.000000 0.000000|TF_Foil_Hat,RidersJacket_Black,SlacksPants_Black,HikingBoots_Black
ExpansionTraderAITaiki.New_Hunter|15244.7 515.187 2805.59|0.000000 0.000000 0.000000|Headdress_Wolf,HuntingJacket_Summer,HunterPants_Spring,Wellies_Black,KukriKnife
ExpansionTraderAIKeiko.Labs_Medicals|10461.9 500.07 11313.1|-79.999985 0.000000 0.000000|MedicalScrubsHat_Blue,ParamedicJacket_Blue,ParamedicPants_Blue,JoggingShoes_Blue,CanvasBag_Medical
ExpansionTraderAIGabi.Labs_Consumables|10477.4 500.017 11301.3|0.000000 0.000000 0.000000|GorkaHelmetComplete,GorkaEJacket_Flat,GorkaPants_Flat,HikingBoots_Black
ExpansionTraderAISeth.Labs_Weapons_Ammo|10500.6 500.485 11313.6|-79.999985 0.000000 0.000000|TacticalGloves_Green,BallisticHelmet_Green,BalaclavaMask_Black,TF_G3CombatShirt_RG,TF_G3CombatPants_RG,TF_6B43Vest_6sh112_EMR,AssaultBag_Ttsko,MilitaryBoots_Beige,TF_PKP
ExpansionTraderAIOliver.Labs_Special|10486.2 500.017 11288.1|-79.999985 0.000000 0.000000|TacticalGloves_Green,BallisticHelmet_Green,BalaclavaMask_Black,TF_G3CombatShirt_RG,TF_G3CombatPants_RG,TF_6B43Vest_6sh112_EMR,AssaultBag_Ttsko,MilitaryBoots_Beige